current directory: /Users/shuwenyue/yuegroup.github.io/vendor/bundle/ruby/3.1.0/gems/json-2.10.2/ext/json/ext/parser
/opt/homebrew/opt/ruby@3.1/bin/ruby extconf.rb
checking for rb_enc_interned_str() in ruby.h... yes
checking for rb_hash_new_capa() in ruby.h... no
checking for rb_hash_bulk_insert() in ruby.h... yes
checking for rb_category_warn() in ruby.h... yes
checking for strnlen() in string.h... yes
checking for whether -std=c99 is accepted as CFLAGS... yes
creating Makefile

current directory: /Users/shuwenyue/yuegroup.github.io/vendor/bundle/ruby/3.1.0/gems/json-2.10.2/ext/json/ext/parser
make DESTDIR\= sitearchdir\=./.gem.20250319-11666-wgmtmb sitelibdir\=./.gem.20250319-11666-wgmtmb clean

current directory: /Users/shuwenyue/yuegroup.github.io/vendor/bundle/ruby/3.1.0/gems/json-2.10.2/ext/json/ext/parser
make DESTDIR\= sitearchdir\=./.gem.20250319-11666-wgmtmb sitelibdir\=./.gem.20250319-11666-wgmtmb
compiling parser.c
linking shared-object json/ext/parser.bundle
ld: warning: ignoring duplicate libraries: '-lruby.3.1'

current directory: /Users/shuwenyue/yuegroup.github.io/vendor/bundle/ruby/3.1.0/gems/json-2.10.2/ext/json/ext/parser
make DESTDIR\= sitearchdir\=./.gem.20250319-11666-wgmtmb sitelibdir\=./.gem.20250319-11666-wgmtmb install
/usr/bin/install -c -m 0755 parser.bundle ./.gem.20250319-11666-wgmtmb/json/ext

current directory: /Users/shuwenyue/yuegroup.github.io/vendor/bundle/ruby/3.1.0/gems/json-2.10.2/ext/json/ext/parser
make DESTDIR\= sitearchdir\=./.gem.20250319-11666-wgmtmb sitelibdir\=./.gem.20250319-11666-wgmtmb clean
